Collecting sentence-transformers
  Downloading sentence_transformers-6.0.0-py3-none-any.whl.metadata (20 kB)
Collecting transformers<6.0.0,>=5.0.0 (from sentence-transformers)
  Downloading transformers-5.15.1-py3-none-any.whl.metadata (32 kB)
Collecting tokenizers>=0.19 (from sentence-transformers)
  Downloading tokenizers-0.23.1-cp310-abi3-win_amd64.whl.metadata (10 kB)
Collecting huggingface-hub<2.0.0,>=1.3.0 (from sentence-transformers)
  Downloading huggingface_hub-1.28.0-py3-none-any.whl.metadata (16 kB)
Requirement already satisfied: torch>=2.2 in C:\Users\zamok\AppData\Local\Programs\Python\Python313\Lib\site-packages (from sentence-transformers) (2.13.0+cpu)
Requirement already satisfied: numpy>=1.24.0 in C:\Users\zamok\AppData\Local\Programs\Python\Python313\Lib\site-packages (from sentence-transformers) (2.5.1)
Collecting scikit-learn>=1.1.0 (from sentence-transformers)
  Downloading scikit_learn-1.9.0-cp313-cp313-win_amd64.whl.metadata (11 kB)
Collecting scipy>=1.0.0 (from sentence-transformers)
  Downloading scipy-1.18.1-cp313-cp313-win_amd64.whl.metadata (61 kB)
Requirement already satisfied: typing_extensions>=4.10.0 in C:\Users\zamok\AppData\Local\Programs\Python\Python313\Lib\site-packages (from sentence-transformers) (4.16.0)
Requirement already satisfied: tqdm>=4.0.0 in C:\Users\zamok\AppData\Local\Programs\Python\Python313\Lib\site-packages (from sentence-transformers) (4.68.4)
Requirement already satisfied: click<9.0.0,>=8.4.2 in C:\Users\zamok\AppData\Local\Programs\Python\Python313\Lib\site-packages (from huggingface-hub<2.0.0,>=1.3.0->sentence-transformers) (8.4.2)
Requirement already satisfied: filelock>=3.10.0 in C:\Users\zamok\AppData\Local\Programs\Python\Python313\Lib\site-packages (from huggingface-hub<2.0.0,>=1.3.0->sentence-transformers) (3.32.3)
Requirement already satisfied: fsspec>=2023.5.0 in C:\Users\zamok\AppData\Local\Programs\Python\Python313\Lib\site-packages (from huggingface-hub<2.0.0,>=1.3.0->sentence-transformers) (2026.7.0)
Collecting hf-xet<2.0.0,>=1.5.2 (from huggingface-hub<2.0.0,>=1.3.0->sentence-transformers)
  Downloading hf_xet-1.6.0-cp38-abi3-win_amd64.whl.metadata (4.9 kB)
Requirement already satisfied: httpx<1,>=0.23.0 in C:\Users\zamok\AppData\Local\Programs\Python\Python313\Lib\site-packages (from huggingface-hub<2.0.0,>=1.3.0->sentence-transformers) (0.28.1)
Requirement already satisfied: packaging>=20.9 in C:\Users\zamok\AppData\Local\Programs\Python\Python313\Lib\site-packages (from huggingface-hub<2.0.0,>=1.3.0->sentence-transformers) (26.2)
Requirement already satisfied: pyyaml>=5.1 in C:\Users\zamok\AppData\Local\Programs\Python\Python313\Lib\site-packages (from huggingface-hub<2.0.0,>=1.3.0->sentence-transformers) (6.0.3)
Requirement already satisfied: colorama in C:\Users\zamok\AppData\Local\Programs\Python\Python313\Lib\site-packages (from click<9.0.0,>=8.4.2->huggingface-hub<2.0.0,>=1.3.0->sentence-transformers) (0.4.6)
Requirement already satisfied: anyio in C:\Users\zamok\AppData\Local\Programs\Python\Python313\Lib\site-packages (from httpx<1,>=0.23.0->huggingface-hub<2.0.0,>=1.3.0->sentence-transformers) (4.14.1)
Requirement already satisfied: certifi in C:\Users\zamok\AppData\Local\Programs\Python\Python313\Lib\site-packages (from httpx<1,>=0.23.0->huggingface-hub<2.0.0,>=1.3.0->sentence-transformers) (2026.6.17)
Requirement already satisfied: httpcore==1.* in C:\Users\zamok\AppData\Local\Programs\Python\Python313\Lib\site-packages (from httpx<1,>=0.23.0->huggingface-hub<2.0.0,>=1.3.0->sentence-transformers) (1.0.9)
Requirement already satisfied: idna in C:\Users\zamok\AppData\Local\Programs\Python\Python313\Lib\site-packages (from httpx<1,>=0.23.0->huggingface-hub<2.0.0,>=1.3.0->sentence-transformers) (3.18)
Requirement already satisfied: h11>=0.16 in C:\Users\zamok\AppData\Local\Programs\Python\Python313\Lib\site-packages (from httpcore==1.*->httpx<1,>=0.23.0->huggingface-hub<2.0.0,>=1.3.0->sentence-transformers) (0.16.0)
Collecting regex>=2025.10.22 (from transformers<6.0.0,>=5.0.0->sentence-transformers)
  Downloading regex-2026.7.19-cp313-cp313-win_amd64.whl.metadata (41 kB)
Collecting tokenizers>=0.19 (from sentence-transformers)
  Downloading tokenizers-0.22.2-cp39-abi3-win_amd64.whl.metadata (7.4 kB)
Collecting typer (from transformers<6.0.0,>=5.0.0->sentence-transformers)
  Downloading typer-0.27.1-py3-none-any.whl.metadata (16 kB)
Collecting safetensors>=0.8.0 (from transformers<6.0.0,>=5.0.0->sentence-transformers)
  Downloading safetensors-0.8.0-cp310-abi3-win_amd64.whl.metadata (4.2 kB)
Collecting joblib>=1.4.0 (from scikit-learn>=1.1.0->sentence-transformers)
  Downloading joblib-1.5.3-py3-none-any.whl.metadata (5.5 kB)
Collecting narwhals>=2.0.1 (from scikit-learn>=1.1.0->sentence-transformers)
  Downloading narwhals-2.25.0-py3-none-any.whl.metadata (15 kB)
Collecting threadpoolctl>=3.5.0 (from scikit-learn>=1.1.0->sentence-transformers)
  Downloading threadpoolctl-3.6.0-py3-none-any.whl.metadata (13 kB)
Requirement already satisfied: setuptools>=77.0.3 in C:\Users\zamok\AppData\Local\Programs\Python\Python313\Lib\site-packages (from torch>=2.2->sentence-transformers) (78.1.0)
Requirement already satisfied: sympy>=1.13.3 in C:\Users\zamok\AppData\Local\Programs\Python\Python313\Lib\site-packages (from torch>=2.2->sentence-transformers) (1.14.0)
Requirement already satisfied: networkx>=2.5.1 in C:\Users\zamok\AppData\Local\Programs\Python\Python313\Lib\site-packages (from torch>=2.2->sentence-transformers) (3.6.1)
Requirement already satisfied: jinja2 in C:\Users\zamok\AppData\Local\Programs\Python\Python313\Lib\site-packages (from torch>=2.2->sentence-transformers) (3.1.6)
Requirement already satisfied: mpmath<1.4,>=1.1.0 in C:\Users\zamok\AppData\Local\Programs\Python\Python313\Lib\site-packages (from sympy>=1.13.3->torch>=2.2->sentence-transformers) (1.3.0)
Requirement already satisfied: MarkupSafe>=2.0 in C:\Users\zamok\AppData\Local\Programs\Python\Python313\Lib\site-packages (from jinja2->torch>=2.2->sentence-transformers) (3.0.3)
Collecting shellingham>=1.3.0 (from typer->transformers<6.0.0,>=5.0.0->sentence-transformers)
  Downloading shellingham-1.5.4-py2.py3-none-any.whl.metadata (3.5 kB)
Collecting rich>=13.8.0 (from typer->transformers<6.0.0,>=5.0.0->sentence-transformers)
  Downloading rich-15.0.0-py3-none-any.whl.metadata (18 kB)
Collecting annotated-doc>=0.0.2 (from typer->transformers<6.0.0,>=5.0.0->sentence-transformers)
  Downloading annotated_doc-0.0.5-py3-none-any.whl.metadata (6.5 kB)
Requirement already satisfied: markdown-it-py>=2.2.0 in C:\Users\zamok\AppData\Local\Programs\Python\Python313\Lib\site-packages (from rich>=13.8.0->typer->transformers<6.0.0,>=5.0.0->sentence-transformers) (4.2.0)
Collecting pygments<3.0.0,>=2.13.0 (from rich>=13.8.0->typer->transformers<6.0.0,>=5.0.0->sentence-transformers)
  Downloading pygments-2.21.0-py3-none-any.whl.metadata (2.5 kB)
Requirement already satisfied: mdurl~=0.1 in C:\Users\zamok\AppData\Local\Programs\Python\Python313\Lib\site-packages (from markdown-it-py>=2.2.0->rich>=13.8.0->typer->transformers<6.0.0,>=5.0.0->sentence-transformers) (0.1.2)
Downloading sentence_transformers-6.0.0-py3-none-any.whl (739 kB)
   ---------------------------------------- 739.6/739.6 kB 322.8 kB/s  0:00:02
Downloading huggingface_hub-1.28.0-py3-none-any.whl (793 kB)
   ---------------------------------------- 793.2/793.2 kB 697.5 kB/s  0:00:01
Downloading hf_xet-1.6.0-cp38-abi3-win_amd64.whl (4.0 MB)
   ---------------------------------------- 4.0/4.0 MB 628.3 kB/s  0:00:06
Downloading transformers-5.15.1-py3-none-any.whl (11.7 MB)
   ---------------------------------------- 11.7/11.7 MB 540.4 kB/s  0:00:21
Downloading tokenizers-0.22.2-cp39-abi3-win_amd64.whl (2.7 MB)
   ---------------------------------------- 2.7/2.7 MB 906.4 kB/s  0:00:03
Downloading regex-2026.7.19-cp313-cp313-win_amd64.whl (277 kB)
Downloading safetensors-0.8.0-cp310-abi3-win_amd64.whl (355 kB)
Downloading scikit_learn-1.9.0-cp313-cp313-win_amd64.whl (8.2 MB)
   ---------------------------------------- 8.2/8.2 MB 622.0 kB/s  0:00:13
Downloading joblib-1.5.3-py3-none-any.whl (309 kB)
Downloading narwhals-2.25.0-py3-none-any.whl (467 kB)
Downloading scipy-1.18.1-cp313-cp313-win_amd64.whl (36.6 MB)
   ---------------------------------------- 36.6/36.6 MB 1.9 MB/s  0:00:19
Downloading threadpoolctl-3.6.0-py3-none-any.whl (18 kB)
Downloading typer-0.27.1-py3-none-any.whl (122 kB)
Downloading annotated_doc-0.0.5-py3-none-any.whl (5.3 kB)
Downloading rich-15.0.0-py3-none-any.whl (310 kB)
Downloading pygments-2.21.0-py3-none-any.whl (1.3 MB)
   ---------------------------------------- 1.3/1.3 MB 424.7 kB/s  0:00:03
Downloading shellingham-1.5.4-py2.py3-none-any.whl (9.8 kB)
Installing collected packages: threadpoolctl, shellingham, scipy, safetensors, regex, pygments, narwhals, joblib, hf-xet, annotated-doc, scikit-learn, rich, typer, huggingface-hub, tokenizers, transformers, sentence-transformers

Successfully installed annotated-doc-0.0.5 hf-xet-1.6.0 huggingface-hub-1.28.0 joblib-1.5.3 narwhals-2.25.0 pygments-2.21.0 regex-2026.7.19 rich-15.0.0 safetensors-0.8.0 scikit-learn-1.9.0 scipy-1.18.1 sentence-transformers-6.0.0 shellingham-1.5.4 threadpoolctl-3.6.0 tokenizers-0.22.2 transformers-5.15.1 typer-0.27.1

[notice] A new release of pip is available: 26.1.2 -> 26.2.1
[notice] To update, run: python.exe -m pip install --upgrade pip
