Unauthorized: /api/
[31/Aug/2026 17:56:00] "GET /api/ HTTP/1.1" 401 58
[31/Aug/2026 17:56:00,430] - Broken pipe from ('127.0.0.1', 63263)
C:\Users\zamok\AppData\Local\Programs\Python\Python313\Lib\site-packages\jwt\api_jwt.py:368: InsecureKeyLengthWarning: The HMAC key is 23 bytes long, which is below the minimum recommended length of 32 bytes for SHA256. See RFC 7518 Section 3.2.
  decoded = self.decode_complete(
Unauthorized: /api/my-subjects/
[31/Aug/2026 17:57:22] "GET /api/my-subjects/ HTTP/1.1" 401 183
C:\Users\zamok\AppData\Local\Programs\Python\Python313\Lib\site-packages\jwt\api_jwt.py:147: InsecureKeyLengthWarning: The HMAC key is 23 bytes long, which is below the minimum recommended length of 32 bytes for SHA256. See RFC 7518 Section 3.2.
  return self._jws.encode(
[31/Aug/2026 17:57:22] "POST /api/auth/token/refresh/ HTTP/1.1" 200 241
[31/Aug/2026 17:57:23] "GET /api/my-subjects/ HTTP/1.1" 200 1452
[31/Aug/2026 19:34:59] "GET /api/syllabi/?level=EGCSE HTTP/1.1" 200 493
[31/Aug/2026 19:35:00] "GET /api/subjects/?syllabus=2 HTTP/1.1" 200 3512
[31/Aug/2026 19:35:44] "POST /api/my-subjects/ HTTP/1.1" 201 202
[31/Aug/2026 19:35:44] "GET /api/workspace/34/ HTTP/1.1" 200 202
Unauthorized: /api/syllabi/
[31/Aug/2026 19:36:49] "GET /api/syllabi/?level=EGCSE HTTP/1.1" 401 58
Unauthorized: /api/syllabi/
[31/Aug/2026 19:36:49] "GET /api/syllabi/ HTTP/1.1" 401 58
[31/Aug/2026 19:36:49,166] - Broken pipe from ('127.0.0.1', 52681)
