Watching for file changes with StatReloader
Unauthorized: /api/syllabi/
[24/Aug/2026 19:54:14] "GET /api/syllabi/ HTTP/1.1" 401 58
Unauthorized: /api/syllabi/
[24/Aug/2026 19:54:42] "GET /api/syllabi/ HTTP/1.1" 401 58
[24/Aug/2026 19:54:42,269] - Broken pipe from ('127.0.0.1', 54802)
C:\Users\zamok\AppData\Local\Programs\Python\Python313\Lib\site-packages\jwt\api_jwt.py:147: InsecureKeyLengthWarning: The HMAC key is 23 bytes long, which is below the minimum recommended length of 32 bytes for SHA256. See RFC 7518 Section 3.2.
  return self._jws.encode(
[24/Aug/2026 20:48:25] "POST /api/auth/register/ HTTP/1.1" 200 503
C:\Users\zamok\AppData\Local\Programs\Python\Python313\Lib\site-packages\jwt\api_jwt.py:368: InsecureKeyLengthWarning: The HMAC key is 23 bytes long, which is below the minimum recommended length of 32 bytes for SHA256. See RFC 7518 Section 3.2.
  decoded = self.decode_complete(
[24/Aug/2026 20:48:26] "GET /api/my-subjects/ HTTP/1.1" 200 52
[24/Aug/2026 20:48:26] "GET /api/syllabi/?level=EGCSE HTTP/1.1" 200 493
[24/Aug/2026 20:48:26] "GET /api/subjects/?syllabus=2 HTTP/1.1" 200 2067
[24/Aug/2026 20:49:08] "POST /api/my-subjects/ HTTP/1.1" 201 121
[24/Aug/2026 20:49:08] "POST /api/my-subjects/ HTTP/1.1" 201 126
[24/Aug/2026 20:49:08] "POST /api/my-subjects/ HTTP/1.1" 201 117
[24/Aug/2026 20:49:08] "POST /api/my-subjects/ HTTP/1.1" 201 128
[24/Aug/2026 20:49:08] "POST /api/my-subjects/ HTTP/1.1" 201 119
[24/Aug/2026 20:49:08] "POST /api/my-subjects/ HTTP/1.1" 201 123
[24/Aug/2026 20:49:08] "POST /api/my-subjects/ HTTP/1.1" 201 130
[24/Aug/2026 20:49:08] "GET /api/my-subjects/ HTTP/1.1" 200 922
[24/Aug/2026 20:49:18] "GET /api/syllabi/?level=EGCSE HTTP/1.1" 200 493
[24/Aug/2026 20:49:18] "GET /api/subjects/?syllabus=2 HTTP/1.1" 200 2067
[24/Aug/2026 20:49:30] "POST /api/my-subjects/ HTTP/1.1" 201 121
[24/Aug/2026 20:49:30] "GET /api/workspace/25/ HTTP/1.1" 200 171
[24/Aug/2026 20:49:57] "GET /api/workspace/21/ HTTP/1.1" 200 173
Bad Request: /api/chat-sessions/
[24/Aug/2026 20:50:02] "POST /api/chat-sessions/ HTTP/1.1" 400 59
Bad Request: /api/chat-sessions/
[24/Aug/2026 20:50:09] "POST /api/chat-sessions/ HTTP/1.1" 400 59
Not Found: /api/quiz/next/
[24/Aug/2026 20:50:11] "GET /api/quiz/next/?subject_id=21 HTTP/1.1" 404 25
Warning: You are sending unauthenticated requests to the HF Hub. Please set a HF_TOKEN to enable higher rate limits and faster downloads.
Performing system checks...

System check identified no issues (0 silenced).
August 24, 2026 - 19:53:32
Django version 5.1.4, using settings 'config.settings'
Starting development server at http://0.0.0.0:8000/
Quit the server with CTRL-BREAK.

Loading weights:   0%|          | 0/199 [00:00<?, ?it/s]Loading weights: 100%|##########| 199/199 [00:00<00:00, 2698.98it/s]
[24/Aug/2026 20:51:20] "POST /api/quiz/generate/ HTTP/1.1" 200 592
C:\Users\zamok\AppData\Local\Programs\Python\Python313\Lib\site-packages\jwt\api_jwt.py:368: InsecureKeyLengthWarning: The HMAC key is 23 bytes long, which is below the minimum recommended length of 32 bytes for SHA256. See RFC 7518 Section 3.2.
  decoded = self.decode_complete(
[24/Aug/2026 20:51:20] "GET /api/quiz/next/?subject_id=21 HTTP/1.1" 200 213
[24/Aug/2026 20:52:34] "POST /api/quiz/answer/ HTTP/1.1" 200 276
[24/Aug/2026 20:52:44] "GET /api/quiz/next/?subject_id=21 HTTP/1.1" 200 173
[24/Aug/2026 20:53:07] "GET /api/workspace/23/ HTTP/1.1" 200 169
Bad Request: /api/chat-sessions/
[24/Aug/2026 20:53:11] "POST /api/chat-sessions/ HTTP/1.1" 400 59
Bad Request: /api/chat-sessions/
[24/Aug/2026 20:53:14] "POST /api/chat-sessions/ HTTP/1.1" 400 59
Bad Request: /api/chat-sessions/
[24/Aug/2026 20:53:16] "POST /api/chat-sessions/ HTTP/1.1" 400 59
[24/Aug/2026 20:53:40] "GET /api/workspace/23/ HTTP/1.1" 200 169
Bad Request: /api/chat-sessions/
[24/Aug/2026 20:53:42] "POST /api/chat-sessions/ HTTP/1.1" 400 59
Not Found: /api/quiz/next/
[24/Aug/2026 20:53:45] "GET /api/quiz/next/?subject_id=23 HTTP/1.1" 404 25
[24/Aug/2026 20:54:28] "POST /api/quiz/generate/ HTTP/1.1" 200 1004
[24/Aug/2026 20:54:28] "GET /api/quiz/next/?subject_id=23 HTTP/1.1" 200 257
[24/Aug/2026 20:54:51] "POST /api/quiz/answer/ HTTP/1.1" 200 315
[24/Aug/2026 20:55:08] "GET /api/quiz/next/?subject_id=23 HTTP/1.1" 200 268
Bad Request: /api/chat-sessions/
[24/Aug/2026 20:55:40] "POST /api/chat-sessions/ HTTP/1.1" 400 59
[24/Aug/2026 20:56:27] "GET /api/workspace/5/ HTTP/1.1" 200 168
Bad Request: /api/chat-sessions/
[24/Aug/2026 20:57:32] "POST /api/chat-sessions/ HTTP/1.1" 400 58
Bad Request: /api/chat-sessions/
[24/Aug/2026 21:05:57] "POST /api/chat-sessions/ HTTP/1.1" 400 58
Bad Request: /api/chat-sessions/
[24/Aug/2026 21:06:01] "POST /api/chat-sessions/ HTTP/1.1" 400 58
[24/Aug/2026 21:06:09] "GET /api/me/profile/ HTTP/1.1" 200 173
[24/Aug/2026 21:06:20] "PATCH /api/me/profile/ HTTP/1.1" 200 177
[24/Aug/2026 21:06:23] "PATCH /api/me/profile/ HTTP/1.1" 200 175
[24/Aug/2026 21:06:29] "PATCH /api/me/profile/ HTTP/1.1" 200 175
[24/Aug/2026 21:06:30] "PATCH /api/me/profile/ HTTP/1.1" 200 175
[24/Aug/2026 21:06:33] "PATCH /api/me/profile/ HTTP/1.1" 200 173
[24/Aug/2026 21:06:34] "PATCH /api/me/profile/ HTTP/1.1" 200 175
C:\work\FundzaAI\backend\apps\syllabus\models.py changed, reloading.
Watching for file changes with StatReloader
C:\work\FundzaAI\backend\apps\quiz\models.py changed, reloading.
Performing system checks...

System check identified no issues (0 silenced).
August 24, 2026 - 21:30:25
Django version 5.1.4, using settings 'config.settings'
Starting development server at http://0.0.0.0:8000/
Quit the server with CTRL-BREAK.

Watching for file changes with StatReloader
C:\work\FundzaAI\backend\apps\rag\services\retriever.py changed, reloading.
Performing system checks...

System check identified no issues (0 silenced).
August 24, 2026 - 21:31:39
Django version 5.1.4, using settings 'config.settings'
Starting development server at http://0.0.0.0:8000/
Quit the server with CTRL-BREAK.

Watching for file changes with StatReloader
C:\work\FundzaAI\backend\apps\quiz\services\generator.py changed, reloading.
Performing system checks...

System check identified no issues (0 silenced).
August 24, 2026 - 21:32:41
Django version 5.1.4, using settings 'config.settings'
Starting development server at http://0.0.0.0:8000/
Quit the server with CTRL-BREAK.

Watching for file changes with StatReloader
C:\work\FundzaAI\backend\apps\quiz\services\generator.py changed, reloading.
Performing system checks...

System check identified no issues (0 silenced).
August 24, 2026 - 21:36:43
Django version 5.1.4, using settings 'config.settings'
Starting development server at http://0.0.0.0:8000/
Quit the server with CTRL-BREAK.

Watching for file changes with StatReloader
C:\work\FundzaAI\backend\apps\quiz\services\generator.py changed, reloading.
Performing system checks...

System check identified no issues (0 silenced).
August 24, 2026 - 21:37:52
Django version 5.1.4, using settings 'config.settings'
Starting development server at http://0.0.0.0:8000/
Quit the server with CTRL-BREAK.

Watching for file changes with StatReloader
Exception in thread django-main-thread:
Traceback (most recent call last):
  File "C:\Users\zamok\AppData\Local\Programs\Python\Python313\Lib\threading.py", line 1044, in _bootstrap_inner
    self.run()
    ~~~~~~~~^^
  File "C:\Users\zamok\AppData\Local\Programs\Python\Python313\Lib\threading.py", line 995, in run
    self._target(*self._args, **self._kwargs)
    ~~~~~~~~~~~~^^^^^^^^^^^^^^^^^^^^^^^^^^^^^
  File "C:\Users\zamok\AppData\Local\Programs\Python\Python313\Lib\site-packages\django\utils\autoreload.py", line 64, in wrapper
    fn(*args, **kwargs)
    ~~^^^^^^^^^^^^^^^^^
  File "C:\Users\zamok\AppData\Local\Programs\Python\Python313\Lib\site-packages\django\core\management\commands\runserver.py", line 134, in inner_run
    self.check(display_num_errors=True)
    ~~~~~~~~~~^^^^^^^^^^^^^^^^^^^^^^^^^
  File "C:\Users\zamok\AppData\Local\Programs\Python\Python313\Lib\site-packages\django\core\management\base.py", line 486, in check
    all_issues = checks.run_checks(
        app_configs=app_configs,
    ...<2 lines>...
        databases=databases,
    )
  File "C:\Users\zamok\AppData\Local\Programs\Python\Python313\Lib\site-packages\django\core\checks\registry.py", line 88, in run_checks
    new_errors = check(app_configs=app_configs, databases=databases)
  File "C:\Users\zamok\AppData\Local\Programs\Python\Python313\Lib\site-packages\django\core\checks\urls.py", line 44, in check_url_namespaces_unique
    all_namespaces = _load_all_namespaces(resolver)
  File "C:\Users\zamok\AppData\Local\Programs\Python\Python313\Lib\site-packages\django\core\checks\urls.py", line 63, in _load_all_namespaces
    url_patterns = getattr(resolver, "url_patterns", [])
  File "C:\Users\zamok\AppData\Local\Programs\Python\Python313\Lib\site-packages\django\utils\functional.py", line 47, in __get__
    res = instance.__dict__[self.name] = self.func(instance)
                                         ~~~~~~~~~^^^^^^^^^^
  File "C:\Users\zamok\AppData\Local\Programs\Python\Python313\Lib\site-packages\django\urls\resolvers.py", line 718, in url_patterns
    patterns = getattr(self.urlconf_module, "urlpatterns", self.urlconf_module)
                       ^^^^^^^^^^^^^^^^^^^
  File "C:\Users\zamok\AppData\Local\Programs\Python\Python313\Lib\site-packages\django\utils\functional.py", line 47, in __get__
    res = instance.__dict__[self.name] = self.func(instance)
                                         ~~~~~~~~~^^^^^^^^^^
  File "C:\Users\zamok\AppData\Local\Programs\Python\Python313\Lib\site-packages\django\urls\resolvers.py", line 711, in urlconf_module
    return import_module(self.urlconf_name)
  File "C:\Users\zamok\AppData\Local\Programs\Python\Python313\Lib\importlib\__init__.py", line 88, in import_module
    return _bootstrap._gcd_import(name[level:], package, level)
           ~~~~~~~~~~~~~~~~~~~~~~^^^^^^^^^^^^^^^^^^^^^^^^^^^^^^
  File "<frozen importlib._bootstrap>", line 1395, in _gcd_import
  File "<frozen importlib._bootstrap>", line 1360, in _find_and_load
  File "<frozen importlib._bootstrap>", line 1331, in _find_and_load_unlocked
  File "<frozen importlib._bootstrap>", line 935, in _load_unlocked
  File "<frozen importlib._bootstrap_external>", line 1023, in exec_module
  File "<frozen importlib._bootstrap>", line 488, in _call_with_frames_removed
  File "C:\work\FundzaAI\backend\config\urls.py", line 10, in <module>
    from apps.quiz.api import AnswerQuizView, GenerateQuizView, NextQuestionView
  File "C:\work\FundzaAI\backend\apps\quiz\api.py", line 10, in <module>
    from .services.generator import QuizGenerationError, generate_questions
ImportError: cannot import name 'generate_questions' from 'apps.quiz.services.generator' (C:\work\FundzaAI\backend\apps\quiz\services\generator.py)
C:\work\FundzaAI\backend\apps\quiz\services\generator.py changed, reloading.
Performing system checks...

Watching for file changes with StatReloader
C:\work\FundzaAI\backend\apps\quiz\services\generator.py changed, reloading.
Performing system checks...

System check identified no issues (0 silenced).
August 24, 2026 - 21:40:15
Django version 5.1.4, using settings 'config.settings'
Starting development server at http://0.0.0.0:8000/
Quit the server with CTRL-BREAK.

Watching for file changes with StatReloader
C:\work\FundzaAI\backend\apps\quiz\services\generator.py changed, reloading.
Performing system checks...

System check identified no issues (0 silenced).
August 24, 2026 - 21:41:17
Django version 5.1.4, using settings 'config.settings'
Starting development server at http://0.0.0.0:8000/
Quit the server with CTRL-BREAK.

Watching for file changes with StatReloader
C:\work\FundzaAI\backend\apps\quiz\services\generator.py changed, reloading.
Performing system checks...

System check identified no issues (0 silenced).
August 24, 2026 - 21:42:24
Django version 5.1.4, using settings 'config.settings'
Starting development server at http://0.0.0.0:8000/
Quit the server with CTRL-BREAK.

Watching for file changes with StatReloader
C:\work\FundzaAI\backend\apps\quiz\api.py changed, reloading.
Performing system checks...

System check identified no issues (0 silenced).
August 24, 2026 - 21:43:42
Django version 5.1.4, using settings 'config.settings'
Starting development server at http://0.0.0.0:8000/
Quit the server with CTRL-BREAK.

Watching for file changes with StatReloader
C:\work\FundzaAI\backend\apps\quiz\api.py changed, reloading.
Performing system checks...

System check identified no issues (0 silenced).
August 24, 2026 - 21:44:49
Django version 5.1.4, using settings 'config.settings'
Starting development server at http://0.0.0.0:8000/
Quit the server with CTRL-BREAK.

Watching for file changes with StatReloader
C:\work\FundzaAI\backend\apps\quiz\api.py changed, reloading.
Performing system checks...

System check identified no issues (0 silenced).
August 24, 2026 - 21:47:11
Django version 5.1.4, using settings 'config.settings'
Starting development server at http://0.0.0.0:8000/
Quit the server with CTRL-BREAK.

Watching for file changes with StatReloader
C:\work\FundzaAI\backend\config\urls.py changed, reloading.
Performing system checks...

System check identified no issues (0 silenced).
August 24, 2026 - 21:48:21
Django version 5.1.4, using settings 'config.settings'
Starting development server at http://0.0.0.0:8000/
Quit the server with CTRL-BREAK.

Watching for file changes with StatReloader
C:\work\FundzaAI\backend\config\urls.py changed, reloading.
Performing system checks...

System check identified no issues (0 silenced).
August 24, 2026 - 21:49:23
Django version 5.1.4, using settings 'config.settings'
Starting development server at http://0.0.0.0:8000/
Quit the server with CTRL-BREAK.

Watching for file changes with StatReloader
